1761047586~~1~~Processing step 1/14
1761047586~~1~~Skipping NinjaScanner files integrity check
1761047586~~8~~Process executed in 0.0030 seconds and used 131,08 MB of memory (NinjaScanner additional memory: 0,00 MB).
1761047587~~1~~Processing step 2/14
1761047587~~1~~Building file's list
1761047602~~1~~Total files found: 29.851
1761047602~~1~~Building database posts and pages checksum
1761047602~~1~~Found 5 posts and 45 pages in the database
1761047602~~8~~Process executed in 15.5333 seconds and used 156,59 MB of memory (NinjaScanner additional memory: 25,60 MB).
1761047604~~1~~Processing step 3/14
1761047604~~1~~Checking WordPress core files integrity
1761047604~~8~~Downloading wordpress-6.8.3.zip from wordpress.org
1761047607~~8~~Building files list from ZIP archive
1761047615~~8~~Using sha1 algo
1761047617~~1~~Files integrity is O.K
1761047617~~2~~Additional/suspicious files: 1
1761047617~~8~~Process executed in 13.2791 seconds and used 156,35 MB of memory (NinjaScanner additional memory: 0,00 MB).
1761047619~~1~~Processing step 4/14
1761047619~~1~~Building plugins list
1761047619~~8~~Total plugins found: 36
1761047619~~8~~Process executed in 0.0449 seconds and used 155,76 MB of memory (NinjaScanner additional memory: 0,00 MB).
1761047620~~1~~Processing step 5/14
1761047620~~1~~Checking plugin files integrity
1761047620~~8~~advanced-custom-fields 6.6.1
1761047620~~8~~Attempting to download it from wordpress.org
1761047620~~8~~Building files list from ZIP archive
1761047622~~8~~Using sha1 algo
1761047623~~8~~all-in-one-wp-migration 7.100
1761047623~~8~~Attempting to download it from wordpress.org
1761047623~~8~~Building files list from ZIP archive
1761047623~~8~~Using sha1 algo
1761047623~~8~~all-in-one-seo-pack 4.8.8
1761047623~~8~~Attempting to download it from wordpress.org
1761047623~~8~~Building files list from ZIP archive
1761047625~~8~~Using sha1 algo
1761047626~~8~~cleantalk-spam-protect 6.66
1761047626~~8~~Attempting to download it from wordpress.org
1761047626~~8~~Building files list from ZIP archive
1761047626~~8~~Using sha1 algo
1761047626~~8~~backuply 1.5.0
1761047626~~8~~Attempting to download it from wordpress.org
1761047626~~8~~Building files list from ZIP archive
1761047626~~8~~Using sha1 algo
1761047626~~8~~backuply-pro 1.5.0
1761047626~~8~~Attempting to download it from wordpress.org
1761047627~~8~~Not found. Attempting to download it from the trunk folder instead
1761047627~~2~~HTTP Error 404. Skipping backuply-pro 1.5.0, it may not be available in the repo
1761047627~~8~~bh-custom-preloader 2.5
1761047627~~8~~Attempting to download it from wordpress.org
1761047627~~8~~Building files list from ZIP archive
1761047627~~8~~Using sha1 algo
1761047627~~8~~code-snippets 3.7.0
1761047627~~8~~Attempting to download it from wordpress.org
1761047627~~8~~Building files list from ZIP archive
1761047627~~8~~Using sha1 algo
1761047627~~8~~cf7-conditional-fields 2.6.4
1761047627~~8~~Attempting to download it from wordpress.org
1761047627~~8~~Building files list from ZIP archive
1761047628~~8~~Using sha1 algo
1761047628~~8~~contact-form-7 6.1.2
1761047628~~8~~Attempting to download it from wordpress.org
1761047628~~8~~Building files list from ZIP archive
1761047628~~8~~Using sha1 algo
1761047628~~8~~duplicate-page 4.5.6
1761047628~~8~~Attempting to download it from wordpress.org
1761047628~~8~~Not found. Attempting to download it from the trunk folder instead
1761047628~~8~~Building files list from ZIP archive
1761047628~~8~~Using sha1 algo
1761047628~~8~~elementor 3.32.4
1761047628~~8~~Attempting to download it from wordpress.org
1761047629~~8~~Building files list from ZIP archive
1761047636~~8~~Using sha1 algo
1761047638~~8~~elementor-pro 3.12.0
1761047638~~8~~Attempting to download it from wordpress.org
1761047638~~8~~Not found. Attempting to download it from the trunk folder instead
1761047638~~2~~HTTP Error 404. Skipping elementor-pro 3.12.0, it may not be available in the repo
1761047638~~8~~essential-addons-for-elementor-lite 6.3.3
1761047638~~8~~Attempting to download it from wordpress.org
1761047638~~8~~Building files list from ZIP archive
1761047641~~8~~Using sha1 algo
1761047641~~8~~google-analytics-for-wordpress 9.9.0
1761047641~~8~~Attempting to download it from wordpress.org
1761047642~~8~~Building files list from ZIP archive
1761047645~~8~~Using sha1 algo
1761047646~~8~~gtranslate 3.0.9
1761047646~~8~~Attempting to download it from wordpress.org
1761047646~~8~~Building files list from ZIP archive
1761047646~~8~~Using sha1 algo
1761047646~~8~~loco-translate 2.8.0
1761047646~~8~~Attempting to download it from wordpress.org
1761047646~~8~~Building files list from ZIP archive
1761047646~~8~~Using sha1 algo
1761047647~~8~~masvideos 1.3.1
1761047647~~8~~Attempting to download it from wordpress.org
1761047647~~8~~Building files list from ZIP archive
1761047648~~8~~Using sha1 algo
1761047648~~8~~megamenu 3.6.2
1761047648~~8~~Attempting to download it from wordpress.org
1761047648~~8~~Building files list from ZIP archive
1761047648~~8~~Using sha1 algo
1761047648~~8~~cf7-multi-step 2.7.9
1761047648~~8~~Attempting to download it from wordpress.org
1761047649~~8~~Building files list from ZIP archive
1761047649~~8~~Using sha1 algo
1761047649~~8~~ninjascanner 3.2.6
1761047649~~8~~Attempting to download it from wordpress.org
1761047649~~8~~Building files list from ZIP archive
1761047649~~8~~Using sha1 algo
1761047649~~8~~one-click-demo-import 3.4.0
1761047649~~8~~Attempting to download it from wordpress.org
1761047649~~8~~Building files list from ZIP archive
1761047649~~8~~Using sha1 algo
1761047649~~8~~paid-member-subscriptions 2.16.3
1761047649~~8~~Attempting to download it from wordpress.org
1761047649~~8~~Building files list from ZIP archive
1761047651~~8~~Using sha1 algo
1761047652~~8~~wpcf7-recaptcha 1.4.9
1761047652~~8~~Attempting to download it from wordpress.org
1761047652~~8~~Building files list from ZIP archive
1761047652~~8~~Using sha1 algo
1761047652~~8~~redux-framework 4.5.8
1761047652~~8~~Attempting to download it from wordpress.org
1761047652~~8~~Building files list from ZIP archive
1761047653~~8~~Using sha1 algo
1761047654~~8~~royal-elementor-addons 1.7.1035
1761047654~~8~~Attempting to download it from wordpress.org
1761047654~~8~~Building files list from ZIP archive
1761047656~~8~~Using sha1 algo
1761047656~~8~~so-widgets-bundle 1.69.3
1761047656~~8~~Attempting to download it from wordpress.org
1761047656~~8~~Building files list from ZIP archive
1761047658~~8~~Using sha1 algo
1761047658~~8~~revslider 6.6.11
1761047658~~8~~Attempting to download it from wordpress.org
1761047658~~8~~Not found. Attempting to download it from the trunk folder instead
1761047658~~2~~HTTP Error 404. Skipping revslider 6.6.11, it may not be available in the repo
1761047658~~8~~smart-slider-3 3.5.1.29
1761047658~~8~~Attempting to download it from wordpress.org
1761047659~~8~~Building files list from ZIP archive
1761047660~~8~~Using sha1 algo
1761047661~~8~~streamlab-core 2.0.6
1761047661~~8~~Attempting to download it from wordpress.org
1761047661~~8~~Not found. Attempting to download it from the trunk folder instead
1761047661~~2~~HTTP Error 404. Skipping streamlab-core 2.0.6, it may not be available in the repo
1761047661~~8~~header-footer-elementor 2.6.1
1761047661~~8~~Attempting to download it from wordpress.org
1761047662~~8~~Building files list from ZIP archive
1761047662~~8~~Using sha1 algo
1761047663~~8~~updraftplus 1.25.8
1761047663~~8~~Attempting to download it from wordpress.org
1761047664~~8~~Building files list from ZIP archive
1761047666~~8~~Using sha1 algo
1761047668~~8~~wordpress-importer 0.9.4
1761047668~~8~~Attempting to download it from wordpress.org
1761047668~~8~~Building files list from ZIP archive
1761047668~~8~~Using sha1 algo
1761047668~~8~~wp-debugging 2.12.2
1761047668~~8~~Attempting to download it from wordpress.org
1761047668~~8~~Building files list from ZIP archive
1761047668~~8~~Using sha1 algo
1761047668~~8~~wpforms-lite 1.9.8.2
1761047668~~8~~Attempting to download it from wordpress.org
1761047670~~8~~Building files list from ZIP archive
1761047674~~8~~Using sha1 algo
1761047677~~8~~waspthemes-yellow-pencil 7.5.7
1761047677~~8~~Attempting to download it from wordpress.org
1761047677~~8~~Not found. Attempting to download it from the trunk folder instead
1761047677~~2~~HTTP Error 404. Skipping waspthemes-yellow-pencil 7.5.7, it may not be available in the repo
1761047677~~2~~Additional/suspicious files: 4
1761047677~~1~~Plugin files integrity is O.K
1761047677~~8~~Process executed in 57.2725 seconds and used 155,75 MB of memory (NinjaScanner additional memory: 0,00 MB).
1761047678~~1~~Processing step 6/14
1761047678~~1~~Building themes list
1761047678~~8~~Total themes found: 7
1761047679~~8~~Process executed in 0.7076 seconds and used 151,71 MB of memory (NinjaScanner additional memory: 0,00 MB).
1761047680~~1~~Processing step 7/14
1761047680~~1~~Checking theme files integrity
1761047680~~8~~hello-elementor 2.8.1
1761047680~~8~~Attempting to download it from wordpress.org
1761047680~~8~~Building files list from ZIP archive
1761047681~~8~~Using sha1 algo
1761047681~~8~~streamlab 2.0.9
1761047681~~8~~Attempting to download it from wordpress.org
1761047681~~2~~HTTP Error 404. Skipping streamlab 2.0.9, it may not be available in the repo
1761047681~~8~~twentytwentyfive 1.0
1761047681~~8~~Attempting to download it from wordpress.org
1761047681~~8~~Building files list from ZIP archive
1761047682~~8~~Using sha1 algo
1761047683~~8~~twentytwentyfour 1.0
1761047683~~8~~Attempting to download it from wordpress.org
1761047683~~8~~Building files list from ZIP archive
1761047683~~8~~Using sha1 algo
1761047683~~8~~twentytwentyone 1.8
1761047683~~8~~Attempting to download it from wordpress.org
1761047684~~8~~Building files list from ZIP archive
1761047684~~8~~Using sha1 algo
1761047684~~8~~twentytwentythree 1.1
1761047684~~8~~Attempting to download it from wordpress.org
1761047684~~8~~Building files list from ZIP archive
1761047684~~8~~Using sha1 algo
1761047685~~8~~twentytwentytwo 1.4
1761047685~~8~~Attempting to download it from wordpress.org
1761047685~~8~~Building files list from ZIP archive
1761047686~~8~~Using sha1 algo
1761047686~~2~~Additional/suspicious files: 3
1761047686~~1~~Theme files integrity is O.K
1761047686~~8~~Process executed in 5.9366 seconds and used 151,71 MB of memory (NinjaScanner additional memory: 0,00 MB).
1761047688~~1~~Processing step 8/14
1761047688~~1~~Skipping snapshots comparison, no older files shapshot found
1761047688~~8~~Process executed in 0.0429 seconds and used 151,56 MB of memory (NinjaScanner additional memory: 0,00 MB).
1761047689~~1~~Processing step 9/14
1761047689~~1~~Skipping snapshots comparison, no older database shapshot found
1761047690~~8~~Process executed in 0.4587 seconds and used 151,56 MB of memory (NinjaScanner additional memory: 0,00 MB).
1761047691~~1~~Processing step 10/14
1761047691~~1~~Skipping Google Safe Browsing: no API key found
1761047691~~8~~Process executed in 0.0583 seconds and used 151,56 MB of memory (NinjaScanner additional memory: 0,00 MB).
1761047693~~1~~Processing step 11/14
1761047693~~1~~Skipping binary files scan
1761047693~~8~~Process executed in 0.0425 seconds and used 151,56 MB of memory (NinjaScanner additional memory: 0,00 MB).
1761047694~~1~~Processing step 12/14
1761047694~~1~~Running malware scanner
1761047694~~1~~Building the list of files to check
1761047694~~8~~Checking user-defined exclusion lists
1761047694~~8~~Creating files/folders exclusion list
1761047694~~8~~Limiting search to files smaller than 1.048.576 bytes
1761047694~~8~~Files ignored based on user-defined exclusion lists: 88
1761047694~~1~~Retrieving signatures lists
1761047694~~8~~Checking built-in signatures list
1761047694~~8~~Downloading the latest version
1761047695~~8~~Verifying digital signature with public key
1761047695~~8~~Verifying signatures
1761047695~~8~~Verified signatures: 898
1761047695~~8~~Process executed in 0.9243 seconds and used 152,89 MB of memory (NinjaScanner additional memory: 1,33 MB).
1761047696~~1~~Processing step 13/14
1761047713~~1~~Scanned files: 2.712/29.763
1761047713~~8~~Process executed in 16.5741 seconds and used 167,33 MB of memory (NinjaScanner additional memory: 15,77 MB).
1761047714~~1~~Processing step 13/14
1761047731~~1~~Scanned files: 4.429/29.763
1761047731~~8~~Process executed in 16.4736 seconds and used 165,77 MB of memory (NinjaScanner additional memory: 14,12 MB).
1761047732~~1~~Processing step 13/14
1761047749~~1~~Scanned files: 5.026/29.763
1761047749~~8~~Process executed in 16.5320 seconds and used 164,80 MB of memory (NinjaScanner additional memory: 13,23 MB).
1761047750~~1~~Processing step 13/14
1761047767~~1~~Scanned files: 5.722/29.763
1761047767~~8~~Process executed in 16.8139 seconds and used 164,44 MB of memory (NinjaScanner additional memory: 12,88 MB).
1761047768~~1~~Processing step 13/14
1761047784~~1~~Scanned files: 6.388/29.763
1761047784~~8~~Process executed in 16.4043 seconds and used 164,65 MB of memory (NinjaScanner additional memory: 12,68 MB).
1761047786~~1~~Processing step 13/14
1761047802~~1~~Scanned files: 7.148/29.763
1761047802~~8~~Process executed in 16.5765 seconds and used 164,05 MB of memory (NinjaScanner additional memory: 12,48 MB).
1761047804~~1~~Processing step 13/14
1761047820~~1~~Scanned files: 18.325/29.763
1761047820~~8~~Process executed in 16.7086 seconds and used 162,98 MB of memory (NinjaScanner additional memory: 11,42 MB).
1761047822~~1~~Processing step 13/14
1761047838~~1~~Scanned files: 19.345/29.763
1761047838~~8~~Process executed in 16.2812 seconds and used 157,85 MB of memory (NinjaScanner additional memory: 5,89 MB).
1761047839~~1~~Processing step 13/14
1761047840~~2~~Potentially unsafe files: /home/wwimpo/deckeva.cl/wp-content/plugins/waspthemes-yellow-pencil/yellow-pencil.php
1761047845~~2~~Total potentially unsafe files: 1
1761047845~~8~~Process executed in 6.0101 seconds and used 154,95 MB of memory (NinjaScanner additional memory: 3,39 MB).
1761047847~~1~~Processing step 14/14
1761047847~~1~~Performing various checks
1761047847~~2~~Found user roles with administrator capabilities: shop_manager
1761047847~~8~~Process executed in 0.4244 seconds and used 151,56 MB of memory (NinjaScanner additional memory: 0,00 MB).
1761047847~~8~~Sending email report
1761047847~~1~~Exiting scanning process
