********************************************************************************
DUPLICATOR-LITE PACKAGE-LOG: 31 de December de 2020 22:34
NOTICE: Do NOT post to public sites or forums 
********************************************************************************
VERSION:	1.3.40.1
WORDPRESS:	5.6
PHP INFO:	7.2.34 | SAPI: litespeed
SERVER:		LiteSpeed 
PHP TIME LIMIT: (0) no time limit imposed 
PHP MAX MEMORY: 4294967296 (512M default) 
MEMORY STACK: 24MB

********************************************************************************
DATABASE:
********************************************************************************
BUILD MODE:   MYSQLDUMP
MYSQLTIMEOUT: 5000
MYSQLDUMP:    Is Supported
SQL CREATED: 20201231_seoweb_31Diciembre2020_139efcf1f32d126d9560_20201231223435_database.sql
SQL FILE SIZE: 4.83MB (5066281)
SQL FILE TIME: 2020-12-31 22:34:50
SQL RUNTIME: 1.24 sec.

********************************************************************************
ARCHIVE (ZIP):
********************************************************************************
ARCHIVE DIR:  /home/wwimpo/deckeva.cl
ARCHIVE FILE: 20201231_seoweb_31Diciembre2020_139efcf1f32d126d9560_20201231223435_archive.zip
FILTERS: *OFF*
DIRS:
	not set
FILES:
	not set
EXTS:  not set
----------------------------------------
COMPRESSING
SIZE:	232.04MB
STATS:	Dirs 2,143 | Files 13,869
SQL ADDED: 20201231_seoweb_31Diciembre2020_139efcf1f32d126d9560_20201231223435_database.sql
ZipArchive Object
(
    [status] => 0
    [statusSys] => 0
    [numFiles] => 16012
    [filename] => /home/wwimpo/deckeva.cl/wp-content/backups-dup-lite/tmp/20201231_seoweb_31Diciembre2020_139efcf1f32d126d9560_20201231223435_archive.zip
    [comment] => 
)

FILE ADDED TO ZIP: 16011
[PHP ERR][NOTICE] MSG:ob_flush(): failed to flush buffer. No buffer to flush [CODE:8|FILE:/home/wwimpo/deckeva.cl/wp-content/plugins/duplicator/classes/utilities/class.u.php|LINE:171]
do_action('wp_ajax_duplicator_package_build'), WP_Hook->do_action, WP_Hook->apply_filters, duplicator_package_build, DUP_Package->runZipBuild, DUP_Archive->build, DUP_Zip::create, DUP_Util::fcgiFlush, ob_flush, DUP_Handler::error, DUP_Handler::getMessage
COMPRESSION RESULT: '1'
COMPRESSED SIZE: 85.57MB
ARCHIVE RUNTIME: 29.34 sec.
MEMORY STACK: 30MB
building installer
add_extra_files1
add_extra_files2
add_extra_files3
add_extra_files4
Doing archive file check
add_extra_files5
add_extra_files6
add_extra_files8
Successfully opened zip /home/wwimpo/deckeva.cl/wp-content/backups-dup-lite/tmp/20201231_seoweb_31Diciembre2020_139efcf1f32d126d9560_20201231223435_archive.zip
Adding enhanced installer files to archive using ZipArchive
Installer files added to archive
Added to archive
After ziparchive close when adding installer

********************************************************************************
INTEGRITY CHECKS:
********************************************************************************
SQL FILE: 4.83MB
INSTALLER FILE: 61.3KB
ARCHIVE FILE: 87.14MB 
EXPECTED FILE/DIRECTORY COUNT: 16,012
ACTUAL FILE/DIRECTORY COUNT: 16,011
ARCHIVE CONSISTENCY TEST: Pass

********************************************************************************
RECORD ID:[1]
TOTAL PROCESS RUNTIME: 48.73 sec.
PEAK PHP MEMORY USED: 34MB
DONE PROCESSING => 20201231_seoweb_31Diciembre2020 31 de December de 2020 22:35

